// Jest Snapshot v1, https://goo.gl/fbAQLP

exports[`TimeInput renders correctly 1`] = `
<View>
  <Text
    accessible={true}
    allowFontScaling={true}
    disabled={false}
    ellipsizeMode="tail"
  >
    I'm a time input
  </Text>
</View>
`;
